[    0.000000] Initializing cgroup subsys cpuset
[    0.000000] Initializing cgroup subsys cpu
[    0.000000] Initializing cgroup subsys cpuacct
[    0.000000] Linux version 4.4.0-210-generic (buildd@lgw01-amd64-009) (gcc version 5.4.0 20160609 (Ubuntu 5.4.0-6ubuntu1~16.04.12) ) #242-Ubuntu SMP Fri Apr 16 09:57:56 UTC 2021 (Ubuntu 4.4.0-210.242-generic 4.4.262)
[    0.000000] Command line: BOOT_IMAGE=/boot/vmlinuz-4.4.0-210-generic root=LABEL=cloudimg-rootfs ro console=tty1 console=ttyS0
[    0.000000] KERNEL supported cpus:
[    0.000000]   Intel GenuineIntel
[    0.000000]   AMD AuthenticAMD
[    0.000000]   Centaur CentaurHauls
[    0.000000] x86/fpu: Legacy x87 FPU detected.
[    0.000000] e820: BIOS-provided physical RAM map:
[    0.000000] BIOS-e820: [mem 0x0000000000000000-0x000000000009fbff] usable
[    0.000000] BIOS-e820: [mem 0x000000000009fc00-0x000000000009ffff] reserved
[    0.000000] BIOS-e820: [mem 0x00000000000f0000-0x00000000000fffff] reserved
[    0.000000] BIOS-e820: [mem 0x0000000000100000-0x000000003ffeffff] usable
[    0.000000] BIOS-e820: [mem 0x000000003fff0000-0x000000003fffffff] ACPI data
[    0.000000] BIOS-e820: [mem 0x00000000fec00000-0x00000000fec00fff] reserved
[    0.000000] BIOS-e820: [mem 0x00000000fee00000-0x00000000fee00fff] reserved
[    0.000000] BIOS-e820: [mem 0x00000000fffc0000-0x00000000ffffffff] reserved
[    0.000000] NX (Execute Disable) protection: active
[    0.000000] SMBIOS 2.5 present.
[    0.000000] Hypervisor detected: KVM
[    0.000000] Kernel/User page tables isolation: disabled
[    0.000000] e820: last_pfn = 0x3fff0 max_arch_pfn = 0x400000000
[    0.000000] MTRR: Disabled
[    0.000000] x86/PAT: MTRRs disabled, skipping PAT initialization too.
[    0.000000] CPU MTRRs all blank - virtualized system.
[    0.000000] x86/PAT: Configuration [0-7]: WB  WT  UC- UC  WB  WT  UC- UC  
[    0.000000] found SMP MP-table at [mem 0x0009fff0-0x0009ffff] mapped at [ffff88000009fff0]
[    0.000000] Scanning 1 areas for low memory corruption
[    0.000000] RAMDISK: [mem 0x362dc000-0x37165fff]
[    0.000000] ACPI: Early table checksum verification disabled
[    0.000000] ACPI: RSDP 0x00000000000E0000 000024 (v02 VBOX  )
[    0.000000] ACPI: XSDT 0x000000003FFF0030 00003C (v01 VBOX   VBOXXSDT 00000001 ASL  00000061)
[    0.000000] ACPI: FACP 0x000000003FFF00F0 0000F4 (v04 VBOX   VBOXFACP 00000001 ASL  00000061)
[    0.000000] ACPI: DSDT 0x000000003FFF0610 002353 (v02 VBOX   VBOXBIOS 00000002 INTL 20100528)
[    0.000000] ACPI: FACS 0x000000003FFF0200 000040
[    0.000000] ACPI: FACS 0x000000003FFF0200 000040
[    0.000000] ACPI: APIC 0x000000003FFF0240 00005C (v02 VBOX   VBOXAPIC 00000001 ASL  00000061)
[    0.000000] ACPI: SSDT 0x000000003FFF02A0 00036C (v01 VBOX   VBOXCPUT 00000002 INTL 20100528)
[    0.000000] No NUMA configuration found
[    0.000000] Faking a node at [mem 0x0000000000000000-0x000000003ffeffff]
[    0.000000] NODE_DATA(0) allocated [mem 0x3ffeb000-0x3ffeffff]
[    0.000000] kvm-clock: Using msrs 4b564d01 and 4b564d00
[    0.000000] kvm-clock: cpu 0, msr 0:3ffe3001, primary cpu clock
[    0.000000] kvm-clock: using sched offset of 3338270784 cycles
[    0.000000] clocksource: kvm-clock: mask: 0xffffffffffffffff max_cycles: 0x1cd42e4dffb, max_idle_ns: 881590591483 ns
[    0.000000] Zone ranges:
[    0.000000]   DMA      [mem 0x0000000000001000-0x0000000000ffffff]
[    0.000000]   DMA32    [mem 0x0000000001000000-0x000000003ffeffff]
[    0.000000]   Normal   empty
[    0.000000]   Device   empty
[    0.000000] Movable zone start for each node
[    0.000000] Early memory node ranges
[    0.000000]   node   0: [mem 0x0000000000001000-0x000000000009efff]
[    0.000000]   node   0: [mem 0x0000000000100000-0x000000003ffeffff]
[    0.000000] Initmem setup node 0 [mem 0x0000000000001000-0x000000003ffeffff]
[    0.000000] ACPI: PM-Timer IO Port: 0x4008
[    0.000000] IOAPIC[0]: apic_id 2, version 32, address 0xfec00000, GSI 0-23
[    0.000000] ACPI: INT_SRC_OVR (bus 0 bus_irq 0 global_irq 2 dfl dfl)
[    0.000000] ACPI: INT_SRC_OVR (bus 0 bus_irq 9 global_irq 9 low level)
[    0.000000] Using ACPI (MADT) for SMP configuration information
[    0.000000] smpboot: Allowing 2 CPUs, 0 hotplug CPUs
[    0.000000] PM: Registered nosave memory: [mem 0x00000000-0x00000fff]
[    0.000000] PM: Registered nosave memory: [mem 0x0009f000-0x0009ffff]
[    0.000000] PM: Registered nosave memory: [mem 0x000a0000-0x000effff]
[    0.000000] PM: Registered nosave memory: [mem 0x000f0000-0x000fffff]
[    0.000000] e820: [mem 0x40000000-0xfebfffff] available for PCI devices
[    0.000000] Booting paravirtualized kernel on KVM
[    0.000000] clocksource: refined-jiffies: mask: 0xffffffff max_cycles: 0xffffffff, max_idle_ns: 7645519600211568 ns
[    0.000000] setup_percpu: NR_CPUS:512 nr_cpumask_bits:512 nr_cpu_ids:2 nr_node_ids:1
[    0.000000] PERCPU: Embedded 33 pages/cpu @ffff88003fc00000 s95192 r8192 d31784 u1048576
[    0.000000] Built 1 zonelists in Node order, mobility grouping on.  Total pages: 257912
[    0.000000] Policy zone: DMA32
[    0.000000] Kernel command line: BOOT_IMAGE=/boot/vmlinuz-4.4.0-210-generic root=LABEL=cloudimg-rootfs ro console=tty1 console=ttyS0
[    0.000000] PID hash table entries: 4096 (order: 3, 32768 bytes)
[    0.000000] Memory: 997792K/1048120K available (8644K kernel code, 1332K rwdata, 4044K rodata, 1492K init, 1164K bss, 50328K reserved, 0K cma-reserved)
[    0.000000] SLUB: HWalign=64, Order=0-3, MinObjects=0, CPUs=2, Nodes=1
[    0.000000] Hierarchical RCU implementation.
[    0.000000] 	Build-time adjustment of leaf fanout to 64.
[    0.000000] 	RCU restricting CPUs from NR_CPUS=512 to nr_cpu_ids=2.
[    0.000000] RCU: Adjusting geometry for rcu_fanout_leaf=64, nr_cpu_ids=2
[    0.000000] NR_IRQS:33024 nr_irqs:440 16
[    0.000000] Console: colour VGA+ 80x25
[    0.000000] console [tty1] enabled
[    0.000000] console [ttyS0] enabled
[    0.000000] tsc: Detected 2808.010 MHz processor
[    0.448542] Calibrating delay loop (skipped) preset value.. 5616.02 BogoMIPS (lpj=11232040)
[    0.455412] pid_max: default: 32768 minimum: 301
[    0.458943] ACPI: Core revision 20150930
[    0.462791] ACPI: 2 ACPI AML tables successfully acquired and loaded
[    0.468726] Security Framework initialized
[    0.471680] Yama: becoming mindful.
[    0.474845] AppArmor: AppArmor initialized
[    0.477892] Dentry cache hash table entries: 131072 (order: 8, 1048576 bytes)
[    0.485447] Inode-cache hash table entries: 65536 (order: 7, 524288 bytes)
[    0.492085] Mount-cache hash table entries: 2048 (order: 2, 16384 bytes)
[    0.498448] Mountpoint-cache hash table entries: 2048 (order: 2, 16384 bytes)
[    0.507356] Initializing cgroup subsys io
[    0.512470] Initializing cgroup subsys memory
[    0.515911] Initializing cgroup subsys devices
[    0.519832] Initializing cgroup subsys freezer
[    0.526308] Initializing cgroup subsys net_cls
[    0.529624] Initializing cgroup subsys perf_event
[    0.533068] Initializing cgroup subsys net_prio
[    0.536731] Initializing cgroup subsys hugetlb
[    0.541313] Initializing cgroup subsys pids
[    0.554930] mce: CPU supports 0 MCE banks
[    0.561861] Last level iTLB entries: 4KB 64, 2MB 8, 4MB 8
[    0.565723] Last level dTLB entries: 4KB 64, 2MB 0, 4MB 0, 1GB 4
[    0.571265] Spectre V1 : Mitigation: usercopy/swapgs barriers and __user pointer sanitization
[    0.579610] Spectre V2 : Mitigation: Enhanced IBRS
[    0.583805] Spectre V2 : Spectre v2 / SpectreRSB mitigation: Filling RSB on context switch
[    0.593327] Speculative Store Bypass: Vulnerable
[    0.599134] SRBDS: Mitigation: TSX disabled
[    0.633673] Freeing SMP alternatives memory: 36K
[    0.701255] ftrace: allocating 32380 entries in 127 pages
[    1.145442] smpboot: APIC(0) Converting physical 0 to logical package 0
[    1.150904] smpboot: Max logical packages: 1
[    1.164957] ..TIMER: vector=0x30 apic1=0 pin1=2 apic2=-1 pin2=-1
[    1.277595] smpboot: CPU0: Intel(R) Xeon(R) E-2276M  CPU @ 2.80GHz (family: 0x6, model: 0x9e, stepping: 0xd)
[    1.285382] Performance Events: unsupported p6 CPU model 158 no PMU driver, software events only.
[    1.356334] KVM setup paravirtual spinlock
[    1.361560] x86: Booting SMP configuration:
[    1.364547] .... node  #0, CPUs:      #1
[    1.368909] kvm-clock: cpu 1, msr 0:3ffe3041, secondary cpu clock
[    1.383944] mce: CPU supports 0 MCE banks
[    1.388256] TSC synchronization [CPU#0 -> CPU#1]:
[    1.391547] Measured 131719 cycles TSC warp between CPUs, turning off TSC clock.
[    1.397033] tsc: Marking TSC unstable due to check_tsc_sync_source failed
[    0.437523] x86: Booted up 1 node, 2 CPUs
[    0.440002] smpboot: Total of 2 processors activated (11232.04 BogoMIPS)
[    0.448062] devtmpfs: initialized
[    0.453025] evm: security.selinux
[    0.455557] evm: security.SMACK64
[    0.456004] evm: security.SMACK64EXEC
[    0.460001] evm: security.SMACK64TRANSMUTE
[    0.464001] evm: security.SMACK64MMAP
[    0.466428] evm: security.ima
[    0.468001] evm: security.capability
[    0.472106] clocksource: jiffies: mask: 0xffffffff max_cycles: 0xffffffff, max_idle_ns: 7645041785100000 ns
[    0.476008] futex hash table entries: 512 (order: 3, 32768 bytes)
[    0.484106] pinctrl core: initialized pinctrl subsystem
[    0.488175] RTC time: 12:53:18, date: 02/27/23
[    0.491961] NET: Registered protocol family 16
[    0.504004] cpuidle: using governor ladder
[    0.516005] cpuidle: using governor menu
[    0.519171] PCCT header not found.
[    0.520185] ACPI: bus type PCI registered
[    0.524002] acpiphp: ACPI Hot Plug PCI Controller Driver version: 0.5
[    0.528350] PCI: Using configuration type 1 for base access
[    0.548374] ACPI: Added _OSI(Module Device)
[    0.552002] ACPI: Added _OSI(Processor Device)
[    0.556002] ACPI: Added _OSI(3.0 _SCP Extensions)
[    0.559137] ACPI: Added _OSI(Processor Aggregator Device)
[    0.564570] ACPI: Executed 1 blocks of module-level executable AML code
[    0.572709] ACPI: Interpreter enabled
[    0.575622] ACPI: (supports S0 S5)
[    0.576002] ACPI: Using IOAPIC for interrupt routing
[    0.580318] PCI: Using host bridge windows from ACPI; if necessary, use "pci=nocrs" and report a bug
[    0.590192] ACPI: PCI Root Bridge [PCI0] (domain 0000 [bus 00-ff])
[    0.592005] acpi PNP0A03:00: _OSC: OS supports [ASPM ClockPM Segments MSI]
[    0.596481] acpi PNP0A03:00: _OSC: not requesting OS control; OS requires [ExtendedConfig ASPM ClockPM MSI]
[    0.600007] acpi PNP0A03:00: fail to add MMCONFIG information, can't access extended PCI configuration space under this bridge.
[    0.608216] PCI host bridge to bus 0000:00
[    0.611704] pci_bus 0000:00: root bus resource [io  0x0000-0x0cf7 window]
[    0.612004] pci_bus 0000:00: root bus resource [io  0x0d00-0xffff window]
[    0.616002] pci_bus 0000:00: root bus resource [mem 0x000a0000-0x000bffff window]
[    0.620002] pci_bus 0000:00: root bus resource [mem 0x40000000-0xfdffffff window]
[    0.624003] pci_bus 0000:00: root bus resource [bus 00-ff]
[    0.633994] pci 0000:00:01.1: legacy IDE quirk: reg 0x10: [io  0x01f0-0x01f7]
[    0.636002] pci 0000:00:01.1: legacy IDE quirk: reg 0x14: [io  0x03f6]
[    0.640002] pci 0000:00:01.1: legacy IDE quirk: reg 0x18: [io  0x0170-0x0177]
[    0.644002] pci 0000:00:01.1: legacy IDE quirk: reg 0x1c: [io  0x0376]
[    0.666135] pci 0000:00:07.0: quirk: [io  0x4000-0x403f] claimed by PIIX4 ACPI
[    0.668029] pci 0000:00:07.0: quirk: [io  0x4100-0x410f] claimed by PIIX4 SMB
[    0.680405] ACPI: PCI Interrupt Link [LNKA] (IRQs 5 9 10 *11)
[    0.688372] ACPI: PCI Interrupt Link [LNKB] (IRQs 5 9 *10 11)
[    0.698126] ACPI: PCI Interrupt Link [LNKC] (IRQs 5 *9 10 11)
[    0.704576] ACPI: PCI Interrupt Link [LNKD] (IRQs 5 9 10 *11)
[    0.710578] ACPI: Enabled 2 GPEs in block 00 to 07
[    0.712180] vgaarb: setting as boot device: PCI:0000:00:02.0
[    0.715937] vgaarb: device added: PCI:0000:00:02.0,decodes=io+mem,owns=io+mem,locks=none
[    0.716003] vgaarb: loaded
[    0.717918] vgaarb: bridge control possible 0000:00:02.0
[    0.720289] SCSI subsystem initialized
[    0.724149] ACPI: bus type USB registered
[    0.728030] usbcore: registered new interface driver usbfs
[    0.732021] usbcore: registered new interface driver hub
[    0.736007] usbcore: registered new device driver usb
[    0.740368] PCI: Using ACPI for IRQ routing
[    0.744595] NetLabel: Initializing
[    0.748002] NetLabel:  domain hash size = 128
[    0.752002] NetLabel:  protocols = UNLABELED CIPSOv4
[    0.756012] NetLabel:  unlabeled traffic allowed by default
[    0.760105] amd_nb: Cannot enumerate AMD northbridges
[    0.764199] clocksource: Switched to clocksource kvm-clock
[    0.787552] AppArmor: AppArmor Filesystem Enabled
[    0.789204] pnp: PnP ACPI init
[    0.789204] pnp: PnP ACPI: found 3 devices
[    0.847917] clocksource: acpi_pm: mask: 0xffffff max_cycles: 0xffffff, max_idle_ns: 2085701024 ns
[    0.848272] NET: Registered protocol family 2
[    0.858442] TCP established hash table entries: 8192 (order: 4, 65536 bytes)
[    0.864116] TCP bind hash table entries: 8192 (order: 5, 131072 bytes)
[    0.867930] TCP: Hash tables configured (established 8192 bind 8192)
[    0.867930] UDP hash table entries: 512 (order: 2, 16384 bytes)
[    0.867930] UDP-Lite hash table entries: 512 (order: 2, 16384 bytes)
[    0.867930] NET: Registered protocol family 1
[    0.867930] pci 0000:00:00.0: Limiting direct PCI/PCI transfers
[    0.867930] pci 0000:00:01.0: Activating ISA DMA hang workarounds
[    0.867930] Unpacking initramfs...
[    0.867930] Freeing initrd memory: 14888K
[    0.867930] clocksource: tsc: mask: 0xffffffffffffffff max_cycles: 0x2879cf89dd2, max_idle_ns: 440795323107 ns
[    0.867930] platform rtc_cmos: registered platform RTC device (no PNP device found)
[    0.867930] Scanning for low memory corruption every 60 seconds
[    1.183246] audit: initializing netlink subsys (disabled)
[    1.187642] audit: type=2000 audit(1677502403.344:1): initialized
[    1.193691] Initialise system trusted keyring
[    1.198127] HugeTLB registered 2 MB page size, pre-allocated 0 pages
[    1.204882] zbud: loaded
[    1.207954] VFS: Disk quotas dquot_6.6.0
[    1.211100] VFS: Dquot-cache hash table entries: 512 (order 0, 4096 bytes)
[    1.217267] squashfs: version 4.0 (2009/01/31) Phillip Lougher
[    1.223242] fuse init (API version 7.23)
[    1.227560] Key type big_key registered
[    1.231177] Allocating IMA MOK and blacklist keyrings.
[    1.248801] Key type asymmetric registered
[    1.252534] Asymmetric key parser 'x509' registered
[    1.256101] Block layer SCSI generic (bsg) driver version 0.4 loaded (major 249)
[    1.262286] io scheduler noop registered
[    1.265244] io scheduler deadline registered (default)
[    1.269040] io scheduler cfq registered
[    1.272009] pci_hotplug: PCI Hot Plug PCI Core version: 0.5
[    1.276198] pciehp: PCI Express Hot Plug Controller Driver version: 0.4
[    1.281068] ACPI: AC Adapter [AC] (on-line)
[    1.284425] input: Power Button as /devices/LNXSYSTM:00/LNXPWRBN:00/input/input0
[    1.289643] ACPI: Power Button [PWRF]
[    1.292906] input: Sleep Button as /devices/LNXSYSTM:00/LNXSLPBN:00/input/input1
[    1.298318] ACPI: Sleep Button [SLPF]
[    1.301899] GHES: HEST is not enabled!
[    1.303061] ACPI: Battery Slot [BAT0] (battery present)
[    1.310049] Serial: 8250/16550 driver, 32 ports, IRQ sharing enabled
[    1.339399] 00:02: ttyS0 at I/O 0x3f8 (irq = 4, base_baud = 115200) is a 16550A
[    1.360908] Linux agpgart interface v0.103
[    1.375340] loop: module loaded
[    1.380566] scsi host0: ata_piix
[    1.383995] scsi host1: ata_piix
[    1.386429] ata1: PATA max UDMA/33 cmd 0x1f0 ctl 0x3f6 bmdma 0xd000 irq 14
[    1.391174] ata2: PATA max UDMA/33 cmd 0x170 ctl 0x376 bmdma 0xd008 irq 15
[    1.395907] libphy: Fixed MDIO Bus: probed
[    1.400169] tun: Universal TUN/TAP device driver, 1.6
[    1.403702] tun: (C) 1999-2004 Max Krasnyansky <maxk@qualcomm.com>
[    1.408535] PPP generic driver version 2.4.2
[    1.411704] ehci_hcd: USB 2.0 'Enhanced' Host Controller (EHCI) Driver
[    1.416045] ehci-pci: EHCI PCI platform driver
[    1.419317] ehci-platform: EHCI generic platform driver
[    1.422972] ohci_hcd: USB 1.1 'Open' Host Controller (OHCI) Driver
[    1.427545] ohci-pci: OHCI PCI platform driver
[    1.430750] ohci-platform: OHCI generic platform driver
[    1.434334] uhci_hcd: USB Universal Host Controller Interface driver
[    1.438593] i8042: PNP: PS/2 Controller [PNP0303:PS2K,PNP0f03:PS2M] at 0x60,0x64 irq 1,12
[    1.447453] serio: i8042 KBD port at 0x60,0x64 irq 1
[    1.451626] serio: i8042 AUX port at 0x60,0x64 irq 12
[    1.456185] mousedev: PS/2 mouse device common for all mice
[    1.463481] rtc_cmos rtc_cmos: rtc core: registered rtc_cmos as rtc0
[    1.468746] input: AT Translated Set 2 keyboard as /devices/platform/i8042/serio0/input/input2
[    1.472784] rtc_cmos rtc_cmos: alarms up to one day, 114 bytes nvram
[    1.472791] i2c /dev entries driver
[    1.472861] device-mapper: uevent: version 1.0.3
[    1.472930] device-mapper: ioctl: 4.34.0-ioctl (2015-10-28) initialised: dm-devel@redhat.com
[    1.472944] ledtrig-cpu: registered to indicate activity on CPUs
[    1.473515] NET: Registered protocol family 10
[    1.473657] NET: Registered protocol family 17
[    1.473667] Key type dns_resolver registered
[    1.473973] registered taskstats version 1
[    1.473981] Loading compiled-in X.509 certificates
[    1.474379] Loaded X.509 cert 'Build time autogenerated kernel key: cf00e047681d67edb2720680708b7d9498083038'
[    1.474391] zswap: loaded using pool lzo/zbud
[    1.475838] Key type trusted registered
[    1.478282] Key type encrypted registered
[    1.478286] AppArmor: AppArmor sha1 policy hashing enabled
[    1.478287] ima: No TPM chip found, activating TPM-bypass!
[    1.478304] ima: Allocated hash algorithm: sha1
[    1.478339] evm: HMAC attrs: 0x1
[    1.478794]   Magic number: 11:615:886
[    1.481630] rtc_cmos rtc_cmos: setting system clock to 2023-02-27 12:53:19 UTC (1677502399)
[    1.481678] BIOS EDD facility v0.16 2004-Jun-25, 0 devices found
[    1.481678] EDD information not available.
[    1.602720] Freeing unused kernel memory: 1492K
[    1.620890] Write protecting the kernel read-only data: 14336k
[    1.626277] Freeing unused kernel memory: 1584K
[    1.629822] Freeing unused kernel memory: 52K
Loading, please wait...
starting version 229
[    1.655360] random: systemd-udevd: uninitialized urandom read (16 bytes read, 9 bits of entropy available)
[    1.655981] random: udevadm: uninitialized urandom read (16 bytes read, 9 bits of entropy available)
[    1.655997] random: udevadm: uninitialized urandom read (16 bytes read, 9 bits of entropy available)
[    1.665049] random: udevadm: uninitialized urandom read (16 bytes read, 9 bits of entropy available)
[    1.665078] random: udevadm: uninitialized urandom read (16 bytes read, 9 bits of entropy available)
[    1.665193] random: udevadm: uninitialized urandom read (16 bytes read, 9 bits of entropy available)
[    1.665242] random: udevadm: uninitialized urandom read (16 bytes read, 9 bits of entropy available)
[    1.665307] random: udevadm: uninitialized urandom read (16 bytes read, 9 bits of entropy available)
[    1.665396] random: udevadm: uninitialized urandom read (16 bytes read, 9 bits of entropy available)
[    1.665429] random: udevadm: uninitialized urandom read (16 bytes read, 9 bits of entropy available)
[    1.762544] Fusion MPT base driver 3.04.20
[    1.769271] Copyright (c) 1999-2008 LSI Corporation
[    1.799649] e1000: Intel(R) PRO/1000 Network Driver - version 7.3.21-k8-NAPI
[    1.807960] e1000: Copyright (c) 1999-2006 Intel Corporation.
[    1.823001] SSE version of gcm_enc/dec engaged.
[    1.828695] Fusion MPT SPI Host driver 3.04.20
[    2.047164] input: ImExPS/2 Generic Explorer Mouse as /devices/platform/i8042/serio1/input/input4
[    2.644122] e1000 0000:00:03.0 eth0: (PCI:33MHz:32-bit) 02:be:82:6b:cc:1d
[    2.648686] e1000 0000:00:03.0 eth0: Intel(R) PRO/1000 Network Connection
[    2.655045] mptbase: ioc0: Initiating bringup
[    2.656794] e1000 0000:00:03.0 enp0s3: renamed from eth0
[    2.852039] ioc0: LSI53C1030 A0: Capabilities={Initiator}
[    3.703194] scsi host2: ioc0: LSI53C1030 A0, FwRev=00000000h, Ports=1, MaxQ=256, IRQ=20
[    4.463170] scsi 2:0:0:0: Direct-Access     VBOX     HARDDISK         1.0  PQ: 0 ANSI: 5
[    4.470293] scsi target2:0:0: Beginning Domain Validation
[    4.480990] scsi target2:0:0: Domain Validation skipping write tests
[    4.486526] scsi target2:0:0: Ending Domain Validation
[    4.490770] scsi target2:0:0: asynchronous
[    4.496253] scsi 2:0:1:0: Direct-Access     VBOX     HARDDISK         1.0  PQ: 0 ANSI: 5
[    4.502766] scsi target2:0:1: Beginning Domain Validation
[    4.512901] scsi target2:0:1: Domain Validation skipping write tests
[    4.518423] scsi target2:0:1: Ending Domain Validation
[    4.522668] scsi target2:0:1: asynchronous
[    4.547306] sd 2:0:0:0: Attached scsi generic sg0 type 0
[    4.552474] sd 2:0:1:0: Attached scsi generic sg1 type 0
[    4.552784] sd 2:0:0:0: [sda] 83886080 512-byte logical blocks: (42.9 GB/40.0 GiB)
[    4.563385] sd 2:0:1:0: [sdb] 20480 512-byte logical blocks: (10.5 MB/10.0 MiB)
[    4.571634] sd 2:0:0:0: [sda] Write Protect is off
[    4.575770] sd 2:0:0:0: [sda] Incomplete mode parameter data
[    4.580559] sd 2:0:1:0: [sdb] Write Protect is off
[    4.581091] sd 2:0:1:0: [sdb] Incomplete mode parameter data
[    4.581092] sd 2:0:1:0: [sdb] Assuming drive cache: write through
[    4.588669] sd 2:0:1:0: [sdb] Attached SCSI disk
[    4.597261] sd 2:0:0:0: [sda] Assuming drive cache: write through
[    4.606875]  sda: sda1
[    4.613023] sd 2:0:0:0: [sda] Attached SCSI disk
Begin: Loading essential drivers ... [    6.152615] md: linear personality registered for level -1
[    6.161347] md: multipath personality registered for level -4
[    6.176747] md: raid0 personality registered for level 0
[    6.192670] md: raid1 personality registered for level 1
[    6.672679] raid6: sse2x1   gen() 96375 MB/s
[    8.674285] raid6: sse2x1   xor() 139957 MB/s
[   10.675506] raid6: sse2x2   gen() 293428 MB/s
[   11.673830] raid6: sse2x2   xor() 193041 MB/s
[   11.747160] raid6: sse2x4   gen() 19063 MB/s
[   11.822883] raid6: sse2x4   xor() 12439 MB/s
[   11.826836] raid6: using algorithm sse2x2 gen() 293428 MB/s
[   11.831175] raid6: .... xor() 193041 MB/s, rmw enabled
[   11.835495] raid6: using ssse3x2 recovery algorithm
[   11.841278] xor: measuring software checksum speed
[   11.884622]    prefetch64-sse: 24186.000 MB/sec
[   11.924703]    generic_sse: 27120.000 MB/sec
[   11.928230] xor: using function: generic_sse (27120.000 MB/sec)
[   11.934744] async_tx: api initialized (async)
[   11.972688] md: raid6 personality registered for level 6
[   11.977242] md: raid5 personality registered for level 5
[   11.981314] md: raid4 personality registered for level 4
[   12.003586] md: raid10 personality registered for level 10
done.
Begin: Running /scripts/init-premount ... done.
Begin: Mounting root file system ... Begin: Running /scripts/local-top ... done.
Begin: Running /scripts/local-premount ... [   12.079026] Btrfs loaded
Scanning for Btrfs filesystems
done.
Warning: fsck not present, so skipping root file system
[   12.131744] EXT4-fs (sda1): mounted filesystem with ordered data mode. Opts: (null)
done.
Begin: Running /scripts/local-bottom ... done.
Begin: Running /scripts/init-bottom ... done.
[   12.289395] systemd[1]: systemd 229 running in system mode. (+PAM +AUDIT +SELINUX +IMA +APPARMOR +SMACK +SYSVINIT +UTMP +LIBCRYPTSETUP +GCRYPT +GNUTLS +ACL +XZ -LZ4 +SECCOMP +BLKID +ELFUTILS +KMOD -IDN)
[   12.301589] systemd[1]: Detected virtualization oracle.
[   12.305392] systemd[1]: Detected architecture x86-64.

Welcome to [1mUbuntu 16.04.7 LTS[0m!

[   12.317143] systemd[1]: Set hostname to <ubuntu>.
[   12.324405] systemd[1]: Initializing machine ID from random generator.
[   12.329028] systemd[1]: Installed transient /etc/machine-id file.
[   12.582567] systemd[1]: Reached target System Time Synchronized.
[[0;32m  OK  [0m] Reached target System Time Synchronized.
[   12.590977] systemd[1]: Listening on Device-mapper event daemon FIFOs.
[[0;32m  OK  [0m] Listening on Device-mapper event daemon FIFOs.
[   12.598701] systemd[1]: Listening on udev Control Socket.
[[0;32m  OK  [0m] Listening on udev Control Socket.
[   12.605515] systemd[1]: Listening on Journal Socket.
[[0;32m  OK  [0m] Listening on Journal Socket.
[   12.611895] systemd[1]: Listening on LVM2 poll daemon socket.
[[0;32m  OK  [0m] Listening on LVM2 poll daemon socket.
[   12.618509] systemd[1]: Started Forward Password Requests to Wall Directory Watch.
[[0;32m  OK  [0m] Started Forward Password Requests to Wall Directory Watch.
[   12.627083] systemd[1]: Created slice User and Session Slice.
[[0;32m  OK  [0m] Created slice User and Session Slice.
[   12.634704] systemd[1]: Listening on Journal Audit Socket.
[[0;32m  OK  [0m] Listening on Journal Audit Socket.
[   12.648783] systemd[1]: Reached target User and Group Name Lookups.
[[0;32m  OK  [0m] Reached target User and Group Name Lookups.
[   12.656755] systemd[1]: Created slice System Slice.
[[0;32m  OK  [0m] Created slice System Slice.
[   12.680849] systemd[1]: Starting Nameserver information manager...
         Starting Nameserver information manager...
[   12.690612] systemd[1]: Starting Set console keymap...
         Starting Set console keymap...
[   12.699479] systemd[1]: Created slice system-serial\x2dgetty.slice.
[[0;32m  OK  [0m] Created slice system-serial\x2dgetty.slice.
[   12.709505] systemd[1]: Reached target Slices.
[[0;32m  OK  [0m] Reached target Slices.
[   12.716509] systemd[1]: Listening on LVM2 metadata daemon socket.
[[0;32m  OK  [0m] Listening on LVM2 metadata daemon socket.
[   12.734745] systemd[1]: Listening on /dev/initctl Compatibility Named Pipe.
[[0;32m  OK  [0m] Listening on /dev/initctl Compatibility Named Pipe.
[   12.743606] systemd[1]: Listening on fsck to fsckd communication Socket.
[[0;32m  OK  [0m] Listening on fsck to fsckd communication Socket.
[   12.764724] systemd[1]: Mounting POSIX Message Queue File System...
         Mounting POSIX Message Queue File System...
[   12.773637] systemd[1]: Starting File System Check on Root Device...
         Starting File System Check on Root Device...
[   12.786506] systemd[1]: Reached target Swap.
[[0;32m  OK  [0m] Reached target Swap.
[   12.804625] systemd[1]: Mounting Huge Pages File System...
         Mounting Huge Pages File System...
[   12.811668] systemd[1]: Listening on Journal Socket (/dev/log).
[[0;32m  OK  [0m] Listening on Journal Socket (/dev/log).
[   12.819014] systemd[1]: Started Trigger resolvconf update for networkd DNS.
[[0;32m  OK  [0m] Started Trigger resolvconf update for networkd DNS.
[   12.827240] systemd[1]: Mounting Debug File System...
         Mounting Debug File System...
[   12.833634] systemd[1]: Listening on Syslog Socket.
[[0;32m  OK  [0m] Listening on Syslog Socket.
[   12.840756] systemd[1]: Set up automount Arbitrary Executable File Formats File System Automount Point.
[[0;32m  OK  [0m] Set up automount Arbitrary Executab...ats File System Automount Point.
[   12.864229] systemd[1]: Starting Journal Service...
[   12.864990] random: nonblocking pool is initialized
         Starting Journal Service...
[   12.877895] systemd[1]: Listening on udev Kernel Socket.
[[0;32m  OK  [0m] Listening on udev Kernel Socket.
[   12.885421] systemd[1]: Reached target Encrypted Volumes.
[[0;32m  OK  [0m] Reached target Encrypted Volumes.
[   12.892781] systemd[1]: Starting Monitoring of LVM2 mirrors, snapshots etc. using dmeventd or progress polling...
         Starting Monitoring of LVM2 mirrors... dmeventd or progress polling...
[   12.913217] systemd[1]: Starting Create list of required static device nodes for the current kernel...
         Starting Create list of required st... nodes for the current kernel...
[   12.926223] systemd[1]: Starting Load Kernel Modules...
         Starting Load Kernel Modules...
[   12.934398] systemd[1]: Starting Uncomplicated firewall...
         Starting Uncomplicated firewall...
[   12.944583] systemd[1]: Mounted Huge Pages File System.
[   12.949757] Loading iSCSI transport class v2.0-870.
[[0;32m  OK  [0m] Mounted Huge Pages File System.
[   12.956445] systemd[1]: Mounted POSIX Message Queue File System.
[[0;32m  OK  [0m] Mounted POSIX Message Queue File System.
[   12.968708] systemd[1]: Mounted Debug File System.
[   12.974337] iscsi: registered transport (tcp)
[[0;32m  OK  [0m] Mounted Debug File System.
[   12.981118] systemd[1]: Started Journal Service.
[[0;32m  OK  [0m] Started Journal Service.
[[0;32m  OK  [0m] Started Set console keymap.
[[0;32m  OK  [0m] Started File System Check on Root Device.
[[0;32m  OK  [0m] Started Create list of required sta...ce nodes for the current kernel.
[[0;32m  OK  [0m] Started Uncomplicated firewall.
[[0;32m  OK  [0m] Started Nameserver information manager.
[[0;32m  OK  [0m] Started File System Check Daemon to report status.
[[0;32m  OK  [0m] Started LVM2 metadata daemon.
         Starting Create Static Device Nodes in /dev...
         Starting Remount Root and Kernel File Systems...
[   13.064588] EXT4-fs (sda1): re-mounted. Opts: (null)
[   13.072427] iscsi: registered transport (iser)
[[0;32m  OK  [0m] Started Remount Root and Kernel File Systems.
[[0;32m  OK  [0m] Started Load Kernel Modules.
[[0;32m  OK  [0m] Started Create Static Device Nodes in /dev.
         Starting udev Kernel Device Manager...
         Mounting FUSE Control File System...
         Starting Apply Kernel Variables...
         Starting Flush Journal to Persistent Storage...
         Starting Load/Save Random Seed...
         Starting udev Coldplug all Devices...
[[0;32m  OK  [0m] Mounted FUSE Control File System.
[[0;32m  OK  [0m] Started Monitoring of LVM2 mirrors,...ng dmeventd or progress polling.
[[0;32m  OK  [0m] Started Apply Kernel Variables.
[[0;32m  OK  [0m] Started Load/Save Random Seed.
[[0;32m  OK  [0m] Started udev Kernel Device Manager.
[[0;32m  OK  [0m] Reached target Local File Systems (Pre).
[[0;32m  OK  [0m] Reached target Local File Systems.
         Starting Commit a transient machine-id on disk...
         Starting LSB: AppArmor initialization...
         Starting Tell Plymouth To Write Out Runtime Data...
         Starting Initial cloud-init job (pre-networking)...
         Starting Set console font and keymap...
[[0;32m  OK  [0m] Started Tell Plymouth To Write Out Runtime Data.
[[0;32m  OK  [0m] Started udev Coldplug all Devices.
[[0;32m  OK  [0m] Started Flush Journal to Persistent Storage.
[[0;32m  OK  [0m] Started Commit a transient machine-id on disk.
         Starting Create Volatile Files and Directories...
[[0;32m  OK  [0m] Started Dispatch Password Requests to Console Directory Watch.
[[0;32m  OK  [0m] Started Create Volatile Files and Directories.
         Starting Update UTMP about System Boot/Shutdown...
[[0;32m  OK  [0m] Started Update UTMP about System Boot/Shutdown.
[[0;32m  OK  [0m] Found device /dev/ttyS0.
[[0;32m  OK  [0m] Listening on Load/Save RF Kill Switch Status /dev/rfkill Watch.
[[0;32m  OK  [0m] Started LSB: AppArmor initialization.
[   14.700039] cloud-init[492]: Cloud-init v. 21.1-19-gbad84ad4-0ubuntu1~16.04.2 running 'init-local' at Mon, 27 Feb 2023 12:53:32 +0000. Up 14.45 seconds.
         Starting Load AppArmor profiles managed internally by snapd...
[[0;32m  OK  [0m] Started Load AppArmor profiles managed internally by snapd.
[[0;32m  OK  [0m] Started Set console font and keymap.
[[0;32m  OK  [0m] Started Initial cloud-init job (pre-networking).
[[0;32m  OK  [0m] Reached target Network (Pre).
         Starting Raise network interfaces...
[[0;32m  OK  [0m] Created slice system-getty.slice.
[[0;32m  OK  [0m] Started Raise network interfaces.
         Starting Initial cloud-init job (metadata service crawler)...
[[0;32m  OK  [0m] Reached target Network.
[   15.994438] cloud-init[946]: Cloud-init v. 21.1-19-gbad84ad4-0ubuntu1~16.04.2 running 'init' at Mon, 27 Feb 2023 12:53:33 +0000. Up 15.50 seconds.
[   15.999194] cloud-init[946]: ci-info: ++++++++++++++++++++++++++++++++++++++Net device info++++++++++++++++++++++++++++++++++++++
[   16.003938] cloud-init[946]: ci-info: +--------+------+----------------------------+---------------+--------+-------------------+
[   16.008527] cloud-init[946]: ci-info: | Device |  Up  |          Address           |      Mask     | Scope  |     Hw-Address    |
[   16.012782] cloud-init[946]: ci-info: +--------+------+----------------------------+---------------+--------+-------------------+
[   16.017300] cloud-init[946]: ci-info: | enp0s3 | True |         10.0.2.15          | 255.255.255.0 | global | 02:be:82:6b:cc:1d |
[   16.021940] cloud-init[946]: ci-info: | enp0s3 | True | fe80::be:82ff:fe6b:cc1d/64 |       .       |  link  | 02:be:82:6b:cc:1d |
[   16.026122] cloud-init[946]: ci-info: |   lo   | True |         127.0.0.1          |   255.0.0.0   |  host  |         .         |
[   16.030503] cloud-init[946]: ci-info: |   lo   | True |          ::1/128           |       .       |  host  |         .         |
[   16.034816] cloud-init[946]: ci-info: +--------+------+----------------------------+---------------+--------+-------------------+
[   16.039130] cloud-init[946]: ci-info: +++++++++++++++++++++++++++Route IPv4 info++++++++++++++++++++++++++++
[   16.043326] cloud-init[946]: ci-info: +-------+-------------+----------+---------------+-----------+-------+
[   16.047235] cloud-init[946]: ci-info: | Route | Destination | Gateway  |    Genmask    | Interface | Flags |
[   16.051114] cloud-init[946]: ci-info: +-------+-------------+----------+---------------+-----------+-------+
[   16.055062] cloud-init[946]: ci-info: |   0   |   0.0.0.0   | 10.0.2.2 |    0.0.0.0    |   enp0s3  |   UG  |
[   16.058822] cloud-init[946]: ci-info: |   1   |   10.0.2.0  | 0.0.0.0  | 255.255.255.0 |   enp0s3  |   U   |
[   16.062980] cloud-init[946]: ci-info: +-------+-------------+----------+---------------+-----------+-------+
[   16.066831] cloud-init[946]: ci-info: +++++++++++++++++++Route IPv6 info+++++++++++++++++++
[   16.070360] cloud-init[946]: ci-info: +-------+-------------+---------+-----------+-------+
[   16.074046] cloud-init[946]: ci-info: | Route | Destination | Gateway | Interface | Flags |
[   16.077483] cloud-init[946]: ci-info: +-------+-------------+---------+-----------+-------+
[   16.080953] cloud-init[946]: ci-info: |   0   |  fe80::/64  |    ::   |   enp0s3  |   U   |
[   16.084636] cloud-init[946]: ci-info: |   3   |   ff00::/8  |    ::   |   enp0s3  |   U   |
[[   16.088002] cloud-init[946]: ci-info: +-------+-------------+---------+-----------+-------+
[   16.096556] cloud-init[946]: Generating public/private rsa key pair.
[   16.096865] cloud-init[946]: Your identification has been saved in /etc/ssh/ssh_host_rsa_key.
[   16.096912] cloud-init[946]: Your public key has been saved in /etc/ssh/ssh_host_rsa_key.pub.
[   16.097231] cloud-init[946]: The key fingerprint is:
[   16.097514] cloud-init[946]: SHA256:aXBxF8hmD1PBEEocGDqwvOJ6HUwSYtMxFekw2ux1MlU root@ubuntu-xenial
[   16.097812] cloud-init[946]: The key's randomart image is:
[   16.097864] cloud-init[946]: +---[RSA 2048]----+
[   16.098136] cloud-init[946]: |  oooo++=E+*=o   |
[   16.098181] cloud-init[946]: |.+.*.o.o.+B..    |
[   16.098225] cloud-init[946]: |..B.* o oo +     |
[   16.098529] cloud-init[946]: | ..+.* + .  .    |
[   16.098574] cloud-init[946]: |. o+. + S        |
[   16.098872] cloud-init[946]: |.. .o  .         |
[   16.099152] cloud-init[946]: | . . .           |
[   16.099466] cloud-init[946]: |. . .            |
[   16.099722] cloud-init[946]: |..               |
[   16.100113] cloud-init[946]: +----[SHA256]-----+
[   16.100330] cloud-init[946]: Generating public/private dsa key pair.
[   16.100608] cloud-init[946]: Your identification has been saved in /etc/ssh/ssh_host_dsa_key.
[   16.100908] cloud-init[946]: Your public key has been saved in /etc/ssh/ssh_host_dsa_key.pub.
[   16.101171] cloud-init[946]: The key fingerprint is:
[   16.101462] cloud-init[946]: SHA256:ch74Lnqwsp8v+vrB7pTgllbi79UgziUuo6YCvhdnSPM root@ubuntu-xenial
[   16.101746] cloud-init[946]: The key's randomart image is:
[   16.102026] cloud-init[946]: +---[DSA 1024]----+
[   16.102321] cloud-init[946]: |                 |
[   16.102602] cloud-init[946]: |                 |
[   16.102885] cloud-init[946]: |                 |
[   16.103256] cloud-init[946]: |   o   .         |
[   16.103603] cloud-init[946]: |  + B = S        |
[   16.103916] cloud-init[946]: |.o %.E B .       |
[   16.104699] cloud-init[946]: |o O %o. +        |
[   16.104980] cloud-init[946]: |.*.Bo+o.         |
[   16.105324] cloud-init[946]: |*.*@@=...        |
[   16.105609] cloud-init[946]: +----[SHA256]-----+
[   16.105908] cloud-init[946]: Generating public/private ecdsa key pair.
[   16.106173] cloud-init[946]: Your identification has been saved in /etc/ssh/ssh_host_ecdsa_key.
[   16.106455] cloud-init[946]: Your public key has been saved in /etc/ssh/ssh_host_ecdsa_key.pub.
[   16.106734] cloud-init[946]: The key fingerprint is:
[   16.107016] cloud-init[946]: SHA256:UOpglD/qHiWoh5CE/4ZliHBzgGXoP9BOCcAQ1lm14Uo root@ubuntu-xenial
[   16.107305] cloud-init[946]: The key's randomart image is:
[   16.107583] cloud-init[946]: +---[ECDSA 256]---+
[   16.107863] cloud-init[946]: |B*= +o.o.        |
[   16.108335] cloud-init[946]: |=+ =. .oo        |
[   16.108401] cloud-init[946]: |+.= =Eoo         |
[   16.108721] cloud-init[946]: |oB X.o+.         |
[   16.109030] cloud-init[946]: |+ O +oo.S        |
[   16.109297] cloud-init[946]: |.o O.o           |
[   16.109576] cloud-init[946]: |o o.=            |
[   16.109857] cloud-init[946]: | . ...           |
[   16.110143] cloud-init[946]: |   ..            |
[   16.110424] cloud-init[946]: +----[SHA256]-----+
[   16.110704] cloud-init[946]: Generating public/private ed25519 key pair.
[   16.110994] cloud-init[946]: Your identification has been saved in /etc/ssh/ssh_host_ed25519_key.
[   16.111288] cloud-init[946]: Your public key has been saved in /etc/ssh/ssh_host_ed25519_key.pub.
[   16.111552] cloud-init[946]: The key fingerprint is:
[   16.111830] cloud-init[946]: SHA256:3F2ZdAIWNic+Q2HHMbBMM1cY8fsg6PNORTCrSJa1CZQ root@ubuntu-xenial
[   16.112442] cloud-init[946]: The key's randomart image is:
[   16.112722] cloud-init[946]: +--[ED25519 256]--+
[   16.113010] cloud-init[946]: |       .o.. ^*@*o|
[   16.113290] cloud-init[946]: |        E+ @ #oB |
[   16.113570] cloud-init[946]: |        + o B = .|
[   16.113878] cloud-init[946]: |       + o + =  .|
[   16.114212] cloud-init[946]: |        S + o o. |
[   16.114513] cloud-init[946]: |         .   o ..|
[   16.114794] cloud-init[946]: |          o .   .|
[   16.115084] cloud-init[946]: |           +     |
[   16.115462] cloud-init[946]: |           .o    |
[   16.115647] cloud-init[946]: +----[SHA256]-----+
[0;32m  OK  [0m] Started Initial cloud-init job (metadata service crawler).
[[0;32m  OK  [0m] Reached target Cloud-config availability.
[[0;32m  OK  [0m] Reached target Network is Online.
         Starting iSCSI initiator daemon (iscsid)...
[[0;32m  OK  [0m] Reached target System Initialization.
[[0;32m  OK  [0m] Listening on ACPID Listen Socket.
[[0;32m  OK  [0m] Started ACPI Events Check.
[[0;32m  OK  [0m] Reached target Paths.
[[0;32m  OK  [0m] Listening on D-Bus System Message Bus Socket.
         Starting Socket activation for snappy daemon.
[[0;32m  OK  [0m] Started Daily Cleanup of Temporary Directories.
[[0;32m  OK  [0m] Started Daily apt download activities.
         Starting LXD - unix socket.
[[0;32m  OK  [0m] Started Daily apt upgrade and clean activities.
[[0;32m  OK  [0m] Started Message of the Day.
[[0;32m  OK  [0m] Started Ubuntu Advantage update messaging.
[[0;32m  OK  [0m] Reached target Timers.
[[0;32m  OK  [0m] Listening on UUID daemon activation socket.
[[0;32m  OK  [0m] Listening on Socket activation for snappy daemon.
[[0;32m  OK  [0m] Listening on LXD - unix socket.
[[0;32m  OK  [0m] Started iSCSI initiator daemon (iscsid).
         Starting Login to default iSCSI targets...
[[0;32m  OK  [0m] Reached target Sockets.
[[0;32m  OK  [0m] Reached target Basic System.
         Starting Accounts Service...
[[0;32m  OK  [0m] Started D-Bus System Message Bus.
[[0;32m  OK  [0m] Started Deferred execution scheduler.
         Starting /etc/rc.local Compatibility...
         Starting System Logging Service...
[[0;32m  OK  [0m] Started ACPI event daemon.
         Starting Snap Daemon...
         Starting Login Service...
         Starting Pollinate to seed the pseudo random number generator...
[[0;32m  OK  [0m] Started FUSE filesystem for LXC.
[[0;32m  OK  [0m] Started Regular background program processing daemon.
         Starting LXD - container startup/shutdown...
         Starting LSB: MD monitoring daemon...
         Starting LSB: Record successful boot for GRUB...
         Starting Virtualbox guest utils...
[[0;32m  OK  [0m] Started System Logging Service.
[[0;32m  OK  [0m] Started /etc/rc.local Compatibility.
         Starting Authenticate and Authorize Users to Run Privileged Tasks...
[[0;32m  OK  [0m] Started LSB: MD monitoring daemon.
[[0;32m  OK  [0m] Started Login to default iSCSI targets.
[[0;32m  OK  [0m] Started Login Service.
[[0;32m  OK  [0m] Started Unattended Upgrades Shutdown.
[[0;32m  OK  [0m] Reached target Remote File Systems (Pre).
[[0;32m  OK  [0m] Reached target Remote File Systems.
         Starting LSB: Set the CPU Frequency Scaling governor to "ondemand"...
         Starting LSB: daemon to balance interrupts for SMP systems...
         Starting LSB: automatic crash report generation...
         Starting Permit User Sessions...
[[0;32m  OK  [0m] Started LSB: Record successful boot for GRUB.
[[0;32m  OK  [0m] Started Permit User Sessions.
[[0;32m  OK  [0m] Started Authenticate and Authorize Users to Run Privileged Tasks.
[[0;32m  OK  [0m] Started LXD - container startup/shutdown.
[[0;32m  OK  [0m] Started Accounts Service.
         Starting Hold until boot process finishes up...
         Starting Terminate Plymouth Boot Screen...
[[0;32m  OK  [0m] Started LSB: Set the CPU Frequency Scaling governor to "ondemand".
[[0;32m  OK  [0m] Started Hold until boot process finishes up.
[[0;32m  OK  [0m] Started Getty on tty1.
[[0;32m  OK  [0m] Started Serial Getty on ttyS0.
[[0;32m  OK  [0m] Reached target Login Prompts.
         Starting Set console scheme...
[[0;32m  OK  [0m] Started LSB: daemon to balance interrupts for SMP systems.
[[0;32m  OK  [0m] Started Terminate Plymouth Boot Screen.
[[0;32m  OK  [0m] Started Set console scheme.
[[0;32m  OK  [0m] Started LSB: automatic crash report generation.
[[0;32m  OK  [0m] Started Virtualbox guest utils.
[[0;32m  OK  [0m] Started Snap Daemon.
         Starting Wait until snapd is fully seeded...
[[0;32m  OK  [0m] Started Pollinate to seed the pseudo random number generator.
         Starting OpenBSD Secure Shell server...
[[0;32m  OK  [0m] Started OpenBSD Secure Shell server.
[[0;32m  OK  [0m] Started Wait until snapd is fully seeded.
         Starting Apply the settings specified in cloud-config...
[[0;32m  OK  [0m] Reached target Multi-User System.
[[0;32m  OK  [0m] Reached target Graphical Interface.
         Starting Update UTMP about System Runlevel Changes...
[[0;32m  OK  [0m] Started Update UTMP about System Runlevel Changes.
[   17.919506] cloud-init[1282]: Generating locales (this might take a while)...
[[0;32m  OK  [0m] Created slice User Slice of vagrant.
         Starting User Manager for UID 1000...
[[0;32m  OK  [0m] Started Session 1 of user vagrant.
[[0;32m  OK  [0m] Started User Manager for UID 1000.
[   18.951873] cloud-init[1282]:   en_US.UTF-8... done
[   18.958137] cloud-init[1282]: Generation complete.
[   19.274899] cloud-init[1282]: Cloud-init v. 21.1-19-gbad84ad4-0ubuntu1~16.04.2 running 'modules:config' at Mon, 27 Feb 2023 12:53:35 +0000. Up 17.83 seconds.
[[0;32m  OK  [0m] Started Apply the settings specified in cloud-config.
         Starting Execute cloud user/final scripts...
ci-info: no authorized SSH keys fingerprints found for user ubuntu.
<14>Feb 27 12:53:37 ec2: 
<14>Feb 27 12:53:37 ec2: #############################################################
<14>Feb 27 12:53:37 ec2: -----BEGIN SSH HOST KEY FINGERPRINTS-----
<14>Feb 27 12:53:37 ec2: 1024 SHA256:ch74Lnqwsp8v+vrB7pTgllbi79UgziUuo6YCvhdnSPM root@ubuntu-xenial (DSA)
<14>Feb 27 12:53:37 ec2: 256 SHA256:UOpglD/qHiWoh5CE/4ZliHBzgGXoP9BOCcAQ1lm14Uo root@ubuntu-xenial (ECDSA)
<14>Feb 27 12:53:37 ec2: 256 SHA256:3F2ZdAIWNic+Q2HHMbBMM1cY8fsg6PNORTCrSJa1CZQ root@ubuntu-xenial (ED25519)
<14>Feb 27 12:53:37 ec2: 2048 SHA256:aXBxF8hmD1PBEEocGDqwvOJ6HUwSYtMxFekw2ux1MlU root@ubuntu-xenial (RSA)
<14>Feb 27 12:53:37 ec2: -----END SSH HOST KEY FINGERPRINTS-----
<14>Feb 27 12:53:37 ec2: #############################################################
-----BEGIN SSH HOST KEY KEYS-----
ecdsa-sha2-nistp256 AAAAE2VjZHNhLXNoYTItbmlzdHAyNTYAAAAIbmlzdHAyNTYAAABBBM2q3dzHN4TJezB7TYoJHCXFmCZ7XEjnf5s1DEyi4KJUjqeEVQWToltltUOI6tDWJFTpbKPhHcRQy/BD//MBiY8= root@ubuntu-xenial
ssh-ed25519 AAAAC3NzaC1lZDI1NTE5AAAAIHKMO8xrbTvzmXGUTSTwpGsUqmtr9Qhisq0j79j9nQYE root@ubuntu-xenial
ssh-rsa AAAAB3NzaC1yc2EAAAADAQABAAABAQDAAR+qXEV6S7MpRQjUZLZFGkZ0kJwMcdeD/tAx7aVmqtHCGkOi+1zhTICsCU1g8aQs76Cb0FvSoe8RErHNpfcvu1TTxu9x3jwMP+Nf9tEv0KCO5CQ/rxpCCh5iUSUA4nZ83OKGQkYsKK8R3Xa0HBKo88QH11LWaS4h6xRLUVDU6ka74TR4ot/TgSPWaitGluyxYwV0or27i6ChoJ7MQjF+R+WikTiYCZ1LcVVWlifTjweqrhHQVBgxVuYJzk/Daj3xq0Jlf7RGfqQtymL5QPXIWg2VSVUDQRC/f0AvSWTRzFQdcn28+fwqmw2spOZUXgOI88guiNL5uk8yJwCHe0IZ root@ubuntu-xenial
-----END SSH HOST KEY KEYS-----
[   19.661347] cloud-init[1445]: Cloud-init v. 21.1-19-gbad84ad4-0ubuntu1~16.04.2 running 'modules:final' at Mon, 27 Feb 2023 12:53:37 +0000. Up 19.52 seconds.
[   19.668683] cloud-init[1445]: ci-info: no authorized SSH keys fingerprints found for user ubuntu.
[   19.675496] cloud-init[1445]: Cloud-init v. 21.1-19-gbad84ad4-0ubuntu1~16.04.2 finished at Mon, 27 Feb 2023 12:53:37 +0000. Datasource DataSourceNoCloud [seed=/dev/sdb][dsmode=net].  Up 19.65 seconds
[[0;32m  OK  [0m] Started Execute cloud user/final scripts.
[[0;32m  OK  [0m] Reached target Cloud-init target.

Ubuntu 16.04.7 LTS ubuntu-xenial ttyS0

ubuntu-xenial login: 